Component: ARM Compiler 5.06 update 6 (build 750) Tool: armlink [4d35ed]

==============================================================================

Section Cross References

    finalproject.o(i.adcChannelInit) refers to finalproject.o(i.pioPinMode) for pioPinMode
    finalproject.o(i.adcInit) refers to finalproject.o(i.pmcEnablePeriph) for pmcEnablePeriph
    finalproject.o(i.adcInit) refers to finalproject.o(i.pioInit) for pioInit
    finalproject.o(i.adcRead) refers to fflt_clz.o(x$fpl$fflt) for __aeabi_i2f
    finalproject.o(i.adcRead) refers to fdiv.o(x$fpl$fdiv) for __aeabi_fdiv
    finalproject.o(i.adcRead) refers to f2d.o(x$fpl$f2d) for __aeabi_f2d
    finalproject.o(i.adcRead) refers to dmul.o(x$fpl$dmul) for __aeabi_dmul
    finalproject.o(i.adcRead) refers to d2f.o(x$fpl$d2f) for __aeabi_d2f
    finalproject.o(i.main) refers to finalproject.o(i.samInit) for samInit
    finalproject.o(i.main) refers to finalproject.o(i.pioInit) for pioInit
    finalproject.o(i.main) refers to finalproject.o(i.spiInit) for spiInit
    finalproject.o(i.main) refers to finalproject.o(i.tcInit) for tcInit
    finalproject.o(i.main) refers to finalproject.o(i.tcChannelInit) for tcChannelInit
    finalproject.o(i.main) refers to finalproject.o(i.pioDigitalRead) for pioDigitalRead
    finalproject.o(i.main) refers to finalproject.o(i.playNote) for playNote
    finalproject.o(i.main) refers to finalproject.o(.constdata) for song1
    finalproject.o(i.pioDigitalRead) refers to finalproject.o(i.pioPinToBase) for pioPinToBase
    finalproject.o(i.pioDigitalWrite) refers to finalproject.o(i.pioPinToBase) for pioPinToBase
    finalproject.o(i.pioInit) refers to finalproject.o(i.pmcEnablePeriph) for pmcEnablePeriph
    finalproject.o(i.pioPinMode) refers to finalproject.o(i.pioPinToBase) for pioPinToBase
    finalproject.o(i.pioPinResistor) refers to finalproject.o(i.pioPinToBase) for pioPinToBase
    finalproject.o(i.pioPinToBase) refers to finalproject.o(i.pioPinToPort) for pioPinToPort
    finalproject.o(i.pioPinToBase) refers to finalproject.o(i.pioPortToBase) for pioPortToBase
    finalproject.o(i.pioTogglePin) refers to finalproject.o(i.pioDigitalRead) for pioDigitalRead
    finalproject.o(i.pioTogglePin) refers to finalproject.o(i.pioDigitalWrite) for pioDigitalWrite
    finalproject.o(i.playNote) refers to finalproject.o(i.tcResetChannel) for tcResetChannel
    finalproject.o(i.playNote) refers to dflt_clz.o(x$fpl$dflt) for __aeabi_i2d
    finalproject.o(i.playNote) refers to dmul.o(x$fpl$dmul) for __aeabi_dmul
    finalproject.o(i.playNote) refers to dfixu.o(x$fpl$dfixu) for __aeabi_d2uiz
    finalproject.o(i.playNote) refers to finalproject.o(i.tcSetRC_compare) for tcSetRC_compare
    finalproject.o(i.playNote) refers to finalproject.o(i.pioDigitalWrite) for pioDigitalWrite
    finalproject.o(i.playNote) refers to finalproject.o(i.spiSendReceive) for spiSendReceive
    finalproject.o(i.playNote) refers to finalproject.o(i.tcCheckRC_compare) for tcCheckRC_compare
    finalproject.o(i.pwmInit) refers to finalproject.o(i.pmcEnablePeriph) for pmcEnablePeriph
    finalproject.o(i.pwmInit) refers to finalproject.o(i.pioInit) for pioInit
    finalproject.o(i.pwmInit) refers to finalproject.o(i.pioPinMode) for pioPinMode
    finalproject.o(i.pwmInit) refers to rt_memcpy_w.o(.text) for __aeabi_memcpy4
    finalproject.o(i.pwmInit) refers to finalproject.o(.constdata) for .constdata
    finalproject.o(i.samInit) refers to finalproject.o(i.wdtDisable) for wdtDisable
    finalproject.o(i.samInit) refers to finalproject.o(i.pmcDisableWriteProtection) for pmcDisableWriteProtection
    finalproject.o(i.samInit) refers to finalproject.o(i.pmcMainClkBypass) for pmcMainClkBypass
    finalproject.o(i.spiInit) refers to finalproject.o(i.pmcEnablePeriph) for pmcEnablePeriph
    finalproject.o(i.spiInit) refers to finalproject.o(i.pioInit) for pioInit
    finalproject.o(i.spiInit) refers to finalproject.o(i.pioPinMode) for pioPinMode
    finalproject.o(i.spiSendReceive16) refers to finalproject.o(i.spiSendReceive) for spiSendReceive
    finalproject.o(i.tcChannelInit) refers to finalproject.o(i.tcChannelToBlockBase) for tcChannelToBlockBase
    finalproject.o(i.tcChannelToBlockBase) refers to finalproject.o(i.tcChannelToBlock) for tcChannelToBlock
    finalproject.o(i.tcChannelToBlockBase) refers to finalproject.o(i.tcBlockToBlockBase) for tcBlockToBlockBase
    finalproject.o(i.tcCheckRC_compare) refers to finalproject.o(i.tcChannelToBlockBase) for tcChannelToBlockBase
    finalproject.o(i.tcDelay) refers to finalproject.o(i.tcDelayMicroseconds) for tcDelayMicroseconds
    finalproject.o(i.tcDelayInit) refers to finalproject.o(i.tcInit) for tcInit
    finalproject.o(i.tcDelayInit) refers to finalproject.o(i.tcChannelInit) for tcChannelInit
    finalproject.o(i.tcDelaySeconds) refers to finalproject.o(i.tcDelay) for tcDelay
    finalproject.o(i.tcInit) refers to finalproject.o(i.pmcEnablePeriph) for pmcEnablePeriph
    finalproject.o(i.tcReadChannel) refers to finalproject.o(i.tcChannelToBlockBase) for tcChannelToBlockBase
    finalproject.o(i.tcResetChannel) refers to finalproject.o(i.tcChannelToBlockBase) for tcChannelToBlockBase
    finalproject.o(i.tcSetRC_compare) refers to finalproject.o(i.tcChannelToBlockBase) for tcChannelToBlockBase
    finalproject.o(i.uartInit) refers to finalproject.o(i.pmcEnablePeriph) for pmcEnablePeriph
    finalproject.o(i.uartInit) refers to finalproject.o(i.pioInit) for pioInit
    finalproject.o(i.uartInit) refers to finalproject.o(i.pioPinMode) for pioPinMode
    finalproject.o(i.uartRx) refers to finalproject.o(i.uartRxReady) for uartRxReady
    startup_sam4s.o(STACK) refers (Special) to heapauxi.o(.text) for __use_two_region_memory
    startup_sam4s.o(HEAP) refers (Special) to heapauxi.o(.text) for __use_two_region_memory
    startup_sam4s.o(RESET) refers (Special) to heapauxi.o(.text) for __use_two_region_memory
    startup_sam4s.o(RESET) refers to startup_sam4s.o(STACK) for __initial_sp
    startup_sam4s.o(RESET) refers to startup_sam4s.o(.text) for Reset_Handler
    startup_sam4s.o(.text) refers (Special) to heapauxi.o(.text) for __use_two_region_memory
    startup_sam4s.o(.text) refers to system_sam4s.o(i.SystemInit) for SystemInit
    startup_sam4s.o(.text) refers to __main.o(!!!main) for __main
    startup_sam4s.o(.text) refers to startup_sam4s.o(HEAP) for Heap_Mem
    startup_sam4s.o(.text) refers to startup_sam4s.o(STACK) for Stack_Mem
    system_sam4s.o(i.SystemCoreClockUpdate) refers to system_sam4s.o(.data) for SystemCoreClock
    __main.o(!!!main) refers to __rtentry.o(.ARM.Collect$$rtentry$$00000000) for __rt_entry
    d2f.o(x$fpl$d2f) refers (Special) to usenofp.o(x$fpl$usenofp) for __I$use$fp
    d2f.o(x$fpl$d2f) refers to fretinf.o(x$fpl$fretinf) for __fpl_fretinf
    d2f.o(x$fpl$d2f) refers to dnaninf.o(x$fpl$dnaninf) for __fpl_dnaninf
    dfixu.o(x$fpl$dfixu) refers (Special) to usenofp.o(x$fpl$usenofp) for __I$use$fp
    dfixu.o(x$fpl$dfixu) refers to dnaninf.o(x$fpl$dnaninf) for __fpl_dnaninf
    dfixu.o(x$fpl$dfixur) refers (Special) to usenofp.o(x$fpl$usenofp) for __I$use$fp
    dfixu.o(x$fpl$dfixur) refers to dnaninf.o(x$fpl$dnaninf) for __fpl_dnaninf
    dflt_clz.o(x$fpl$dfltu) refers (Special) to usenofp.o(x$fpl$usenofp) for __I$use$fp
    dflt_clz.o(x$fpl$dflt) refers (Special) to usenofp.o(x$fpl$usenofp) for __I$use$fp
    dflt_clz.o(x$fpl$dfltn) refers (Special) to usenofp.o(x$fpl$usenofp) for __I$use$fp
    dmul.o(x$fpl$dmul) refers (Special) to usenofp.o(x$fpl$usenofp) for __I$use$fp
    dmul.o(x$fpl$dmul) refers to dretinf.o(x$fpl$dretinf) for __fpl_dretinf
    dmul.o(x$fpl$dmul) refers to dnaninf.o(x$fpl$dnaninf) for __fpl_dnaninf
    f2d.o(x$fpl$f2d) refers (Special) to usenofp.o(x$fpl$usenofp) for __I$use$fp
    f2d.o(x$fpl$f2d) refers to fnaninf.o(x$fpl$fnaninf) for __fpl_fnaninf
    f2d.o(x$fpl$f2d) refers to dretinf.o(x$fpl$dretinf) for __fpl_dretinf
    fdiv.o(x$fpl$frdiv) refers (Special) to usenofp.o(x$fpl$usenofp) for __I$use$fp
    fdiv.o(x$fpl$frdiv) refers to fdiv.o(x$fpl$fdiv) for _fdiv1
    fdiv.o(x$fpl$fdiv) refers (Special) to usenofp.o(x$fpl$usenofp) for __I$use$fp
    fdiv.o(x$fpl$fdiv) refers to fretinf.o(x$fpl$fretinf) for __fpl_fretinf
    fdiv.o(x$fpl$fdiv) refers to fnaninf.o(x$fpl$fnaninf) for __fpl_fnaninf
    fflt_clz.o(x$fpl$ffltu) refers (Special) to usenofp.o(x$fpl$usenofp) for __I$use$fp
    fflt_clz.o(x$fpl$fflt) refers (Special) to usenofp.o(x$fpl$usenofp) for __I$use$fp
    fflt_clz.o(x$fpl$ffltn) refers (Special) to usenofp.o(x$fpl$usenofp) for __I$use$fp
    __rtentry.o(.ARM.Collect$$rtentry$$00000000) refers (Special) to __rtentry2.o(.ARM.Collect$$rtentry$$0000000A) for __rt_entry_li
    __rtentry.o(.ARM.Collect$$rtentry$$00000000) refers (Special) to __rtentry2.o(.ARM.Collect$$rtentry$$0000000D) for __rt_entry_main
    __rtentry.o(.ARM.Collect$$rtentry$$00000000) refers (Special) to __rtentry2.o(.ARM.Collect$$rtentry$$0000000C) for __rt_entry_postli_1
    __rtentry.o(.ARM.Collect$$rtentry$$00000000) refers (Special) to __rtentry2.o(.ARM.Collect$$rtentry$$00000009) for __rt_entry_postsh_1
    __rtentry.o(.ARM.Collect$$rtentry$$00000000) refers (Special) to __rtentry2.o(.ARM.Collect$$rtentry$$00000002) for __rt_entry_presh_1
    __rtentry.o(.ARM.Collect$$rtentry$$00000000) refers (Special) to __rtentry4.o(.ARM.Collect$$rtentry$$00000004) for __rt_entry_sh
    dnaninf.o(x$fpl$dnaninf) refers (Special) to usenofp.o(x$fpl$usenofp) for __I$use$fp
    dretinf.o(x$fpl$dretinf) refers (Special) to usenofp.o(x$fpl$usenofp) for __I$use$fp
    fnaninf.o(x$fpl$fnaninf) refers (Special) to usenofp.o(x$fpl$usenofp) for __I$use$fp
    fretinf.o(x$fpl$fretinf) refers (Special) to usenofp.o(x$fpl$usenofp) for __I$use$fp
    __rtentry2.o(.ARM.Collect$$rtentry$$00000008) refers to boardinit2.o(.text) for _platform_post_stackheap_init
    __rtentry2.o(.ARM.Collect$$rtentry$$0000000A) refers to libinit.o(.ARM.Collect$$libinit$$00000000) for __rt_lib_init
    __rtentry2.o(.ARM.Collect$$rtentry$$0000000B) refers to boardinit3.o(.text) for _platform_post_lib_init
    __rtentry2.o(.ARM.Collect$$rtentry$$0000000D) refers to finalproject.o(i.main) for main
    __rtentry2.o(.ARM.Collect$$rtentry$$0000000D) refers to exit.o(.text) for exit
    __rtentry2.o(.ARM.exidx) refers to __rtentry2.o(.ARM.Collect$$rtentry$$00000001) for .ARM.Collect$$rtentry$$00000001
    __rtentry2.o(.ARM.exidx) refers to __rtentry2.o(.ARM.Collect$$rtentry$$00000008) for .ARM.Collect$$rtentry$$00000008
    __rtentry2.o(.ARM.exidx) refers to __rtentry2.o(.ARM.Collect$$rtentry$$0000000A) for .ARM.Collect$$rtentry$$0000000A
    __rtentry2.o(.ARM.exidx) refers to __rtentry2.o(.ARM.Collect$$rtentry$$0000000B) for .ARM.Collect$$rtentry$$0000000B
    __rtentry2.o(.ARM.exidx) refers to __rtentry2.o(.ARM.Collect$$rtentry$$0000000D) for .ARM.Collect$$rtentry$$0000000D
    __rtentry4.o(.ARM.Collect$$rtentry$$00000004) refers to sys_stackheap_outer.o(.text) for __user_setup_stackheap
    __rtentry4.o(.ARM.exidx) refers to __rtentry4.o(.ARM.Collect$$rtentry$$00000004) for .ARM.Collect$$rtentry$$00000004
    sys_stackheap_outer.o(.text) refers to libspace.o(.text) for __user_perproc_libspace
    sys_stackheap_outer.o(.text) refers to startup_sam4s.o(.text) for __user_initial_stackheap
    exit.o(.text) refers to rtexit.o(.ARM.Collect$$rtexit$$00000000) for __rt_exit
    libinit.o(.ARM.Collect$$libinit$$00000000) refers (Special) to libinit2.o(.ARM.Collect$$libinit$$0000002E) for __rt_lib_init_alloca_1
    libinit.o(.ARM.Collect$$libinit$$00000000) refers (Special) to libinit2.o(.ARM.Collect$$libinit$$0000002C) for __rt_lib_init_argv_1
    libinit.o(.ARM.Collect$$libinit$$00000000) refers (Special) to libinit2.o(.ARM.Collect$$libinit$$0000001B) for __rt_lib_init_atexit_1
    libinit.o(.ARM.Collect$$libinit$$00000000) refers (Special) to libinit2.o(.ARM.Collect$$libinit$$00000021) for __rt_lib_init_clock_1
    libinit.o(.ARM.Collect$$libinit$$00000000) refers (Special) to libinit2.o(.ARM.Collect$$libinit$$00000032) for __rt_lib_init_cpp_1
    libinit.o(.ARM.Collect$$libinit$$00000000) refers (Special) to libinit2.o(.ARM.Collect$$libinit$$00000030) for __rt_lib_init_exceptions_1
    libinit.o(.ARM.Collect$$libinit$$00000000) refers (Special) to libinit2.o(.ARM.Collect$$libinit$$00000002) for __rt_lib_init_fp_1
    libinit.o(.ARM.Collect$$libinit$$00000000) refers (Special) to libinit2.o(.ARM.Collect$$libinit$$0000001F) for __rt_lib_init_fp_trap_1
    libinit.o(.ARM.Collect$$libinit$$00000000) refers (Special) to libinit2.o(.ARM.Collect$$libinit$$00000023) for __rt_lib_init_getenv_1
    libinit.o(.ARM.Collect$$libinit$$00000000) refers (Special) to libinit2.o(.ARM.Collect$$libinit$$0000000A) for __rt_lib_init_heap_1
    libinit.o(.ARM.Collect$$libinit$$00000000) refers (Special) to libinit2.o(.ARM.Collect$$libinit$$00000011) for __rt_lib_init_lc_collate_1
    libinit.o(.ARM.Collect$$libinit$$00000000) refers (Special) to libinit2.o(.ARM.Collect$$libinit$$00000013) for __rt_lib_init_lc_ctype_1
    libinit.o(.ARM.Collect$$libinit$$00000000) refers (Special) to libinit2.o(.ARM.Collect$$libinit$$00000015) for __rt_lib_init_lc_monetary_1
    libinit.o(.ARM.Collect$$libinit$$00000000) refers (Special) to libinit2.o(.ARM.Collect$$libinit$$00000017) for __rt_lib_init_lc_numeric_1
    libinit.o(.ARM.Collect$$libinit$$00000000) refers (Special) to libinit2.o(.ARM.Collect$$libinit$$00000019) for __rt_lib_init_lc_time_1
    libinit.o(.ARM.Collect$$libinit$$00000000) refers (Special) to libinit2.o(.ARM.Collect$$libinit$$00000004) for __rt_lib_init_preinit_1
    libinit.o(.ARM.Collect$$libinit$$00000000) refers (Special) to libinit2.o(.ARM.Collect$$libinit$$0000000E) for __rt_lib_init_rand_1
    libinit.o(.ARM.Collect$$libinit$$00000000) refers (Special) to libinit2.o(.ARM.Collect$$libinit$$00000033) for __rt_lib_init_return
    libinit.o(.ARM.Collect$$libinit$$00000000) refers (Special) to libinit2.o(.ARM.Collect$$libinit$$0000001D) for __rt_lib_init_signal_1
    libinit.o(.ARM.Collect$$libinit$$00000000) refers (Special) to libinit2.o(.ARM.Collect$$libinit$$00000025) for __rt_lib_init_stdio_1
    libinit.o(.ARM.Collect$$libinit$$00000000) refers (Special) to libinit2.o(.ARM.Collect$$libinit$$0000000C) for __rt_lib_init_user_alloc_1
    libspace.o(.text) refers to libspace.o(.bss) for __libspace_start
    rtexit.o(.ARM.Collect$$rtexit$$00000000) refers (Special) to rtexit2.o(.ARM.Collect$$rtexit$$00000004) for __rt_exit_exit
    rtexit.o(.ARM.Collect$$rtexit$$00000000) refers (Special) to rtexit2.o(.ARM.Collect$$rtexit$$00000003) for __rt_exit_ls
    rtexit.o(.ARM.Collect$$rtexit$$00000000) refers (Special) to rtexit2.o(.ARM.Collect$$rtexit$$00000002) for __rt_exit_prels_1
    rtexit.o(.ARM.exidx) refers (Special) to rtexit2.o(.ARM.Collect$$rtexit$$00000004) for __rt_exit_exit
    rtexit.o(.ARM.exidx) refers (Special) to rtexit2.o(.ARM.Collect$$rtexit$$00000003) for __rt_exit_ls
    rtexit.o(.ARM.exidx) refers (Special) to rtexit2.o(.ARM.Collect$$rtexit$$00000002) for __rt_exit_prels_1
    rtexit.o(.ARM.exidx) refers to rtexit.o(.ARM.Collect$$rtexit$$00000000) for .ARM.Collect$$rtexit$$00000000
    libinit2.o(.ARM.Collect$$libinit$$00000010) refers to libinit2.o(.ARM.Collect$$libinit$$0000000F) for .ARM.Collect$$libinit$$0000000F
    libinit2.o(.ARM.Collect$$libinit$$00000012) refers to libinit2.o(.ARM.Collect$$libinit$$0000000F) for .ARM.Collect$$libinit$$0000000F
    libinit2.o(.ARM.Collect$$libinit$$00000014) refers to libinit2.o(.ARM.Collect$$libinit$$0000000F) for .ARM.Collect$$libinit$$0000000F
    libinit2.o(.ARM.Collect$$libinit$$00000016) refers to libinit2.o(.ARM.Collect$$libinit$$0000000F) for .ARM.Collect$$libinit$$0000000F
    libinit2.o(.ARM.Collect$$libinit$$00000018) refers to libinit2.o(.ARM.Collect$$libinit$$0000000F) for .ARM.Collect$$libinit$$0000000F
    libinit2.o(.ARM.Collect$$libinit$$00000026) refers to argv_veneer.o(.emb_text) for __ARM_argv_veneer
    libinit2.o(.ARM.Collect$$libinit$$00000027) refers to argv_veneer.o(.emb_text) for __ARM_argv_veneer
    rtexit2.o(.ARM.Collect$$rtexit$$00000003) refers to libshutdown.o(.ARM.Collect$$libshutdown$$00000000) for __rt_lib_shutdown
    rtexit2.o(.ARM.Collect$$rtexit$$00000004) refers to sys_exit.o(.text) for _sys_exit
    rtexit2.o(.ARM.exidx) refers to rtexit2.o(.ARM.Collect$$rtexit$$00000001) for .ARM.Collect$$rtexit$$00000001
    rtexit2.o(.ARM.exidx) refers to rtexit2.o(.ARM.Collect$$rtexit$$00000003) for .ARM.Collect$$rtexit$$00000003
    rtexit2.o(.ARM.exidx) refers to rtexit2.o(.ARM.Collect$$rtexit$$00000004) for .ARM.Collect$$rtexit$$00000004
    argv_veneer.o(.emb_text) refers to no_argv.o(.text) for __ARM_get_argv
    sys_exit.o(.text) refers (Special) to use_no_semi.o(.text) for __I$use$semihosting
    sys_exit.o(.text) refers (Special) to indicate_semi.o(.text) for __semihosting_library_function
    _get_argv_nomalloc.o(.text) refers (Special) to hrguard.o(.text) for __heap_region$guard
    _get_argv_nomalloc.o(.text) refers to defsig_rtmem_outer.o(.text) for __rt_SIGRTMEM
    _get_argv_nomalloc.o(.text) refers to sys_command.o(.text) for _sys_command_string
    libshutdown.o(.ARM.Collect$$libshutdown$$00000000) refers (Special) to libshutdown2.o(.ARM.Collect$$libshutdown$$00000002) for __rt_lib_shutdown_cpp_1
    libshutdown.o(.ARM.Collect$$libshutdown$$00000000) refers (Special) to libshutdown2.o(.ARM.Collect$$libshutdown$$00000007) for __rt_lib_shutdown_fp_trap_1
    libshutdown.o(.ARM.Collect$$libshutdown$$00000000) refers (Special) to libshutdown2.o(.ARM.Collect$$libshutdown$$0000000F) for __rt_lib_shutdown_heap_1
    libshutdown.o(.ARM.Collect$$libshutdown$$00000000) refers (Special) to libshutdown2.o(.ARM.Collect$$libshutdown$$00000010) for __rt_lib_shutdown_return
    libshutdown.o(.ARM.Collect$$libshutdown$$00000000) refers (Special) to libshutdown2.o(.ARM.Collect$$libshutdown$$0000000A) for __rt_lib_shutdown_signal_1
    libshutdown.o(.ARM.Collect$$libshutdown$$00000000) refers (Special) to libshutdown2.o(.ARM.Collect$$libshutdown$$00000004) for __rt_lib_shutdown_stdio_1
    libshutdown.o(.ARM.Collect$$libshutdown$$00000000) refers (Special) to libshutdown2.o(.ARM.Collect$$libshutdown$$0000000C) for __rt_lib_shutdown_user_alloc_1
    sys_command.o(.text) refers (Special) to use_no_semi.o(.text) for __I$use$semihosting
    sys_command.o(.text) refers (Special) to indicate_semi.o(.text) for __semihosting_library_function
    defsig_rtmem_outer.o(.text) refers to defsig_rtmem_inner.o(.text) for __rt_SIGRTMEM_inner
    defsig_rtmem_outer.o(.text) refers to defsig_exit.o(.text) for __sig_exit
    defsig_rtmem_formal.o(.text) refers to rt_raise.o(.text) for __rt_raise
    rt_raise.o(.text) refers to __raise.o(.text) for __raise
    rt_raise.o(.text) refers to sys_exit.o(.text) for _sys_exit
    defsig_exit.o(.text) refers to sys_exit.o(.text) for _sys_exit
    defsig_rtmem_inner.o(.text) refers to defsig_general.o(.text) for __default_signal_display
    __raise.o(.text) refers to defsig.o(CL$$defsig) for __default_signal_handler
    defsig_general.o(.text) refers to sys_wrch.o(.text) for _ttywrch
    sys_wrch.o(.text) refers (Special) to use_no_semi.o(.text) for __I$use$semihosting
    sys_wrch.o(.text) refers (Special) to indicate_semi.o(.text) for __semihosting_library_function
    defsig.o(CL$$defsig) refers to defsig_rtmem_inner.o(.text) for __rt_SIGRTMEM_inner
    defsig_abrt_inner.o(.text) refers to defsig_general.o(.text) for __default_signal_display
    defsig_fpe_inner.o(.text) refers to defsig_general.o(.text) for __default_signal_display
    defsig_rtred_inner.o(.text) refers to defsig_general.o(.text) for __default_signal_display
    defsig_stak_inner.o(.text) refers to defsig_general.o(.text) for __default_signal_display
    defsig_pvfn_inner.o(.text) refers to defsig_general.o(.text) for __default_signal_display
    defsig_cppl_inner.o(.text) refers to defsig_general.o(.text) for __default_signal_display
    defsig_segv_inner.o(.text) refers to defsig_general.o(.text) for __default_signal_display
    defsig_other.o(.text) refers to defsig_general.o(.text) for __default_signal_display


==============================================================================

Removing Unused input sections from the image.

    Removing finalproject.o(i.adcChannelInit), (220 bytes).
    Removing finalproject.o(i.adcInit), (48 bytes).
    Removing finalproject.o(i.adcRead), (128 bytes).
    Removing finalproject.o(i.pioPinResistor), (122 bytes).
    Removing finalproject.o(i.pioTogglePin), (30 bytes).
    Removing finalproject.o(i.pmcCheckMasterClk), (28 bytes).
    Removing finalproject.o(i.pmcEnableWriteProtection), (16 bytes).
    Removing finalproject.o(i.pwmInit), (280 bytes).
    Removing finalproject.o(i.rtcInit), (20 bytes).
    Removing finalproject.o(i.rtcReadAmPm), (16 bytes).
    Removing finalproject.o(i.rtcReadCent), (28 bytes).
    Removing finalproject.o(i.rtcReadDate), (32 bytes).
    Removing finalproject.o(i.rtcReadDay), (16 bytes).
    Removing finalproject.o(i.rtcReadHour), (32 bytes).
    Removing finalproject.o(i.rtcReadMin), (32 bytes).
    Removing finalproject.o(i.rtcReadMonth), (32 bytes).
    Removing finalproject.o(i.rtcReadSec), (28 bytes).
    Removing finalproject.o(i.rtcReadYear), (32 bytes).
    Removing finalproject.o(i.rtcUpdateDate), (160 bytes).
    Removing finalproject.o(i.rtcUpdateTime), (148 bytes).
    Removing finalproject.o(i.spiSendReceive16), (28 bytes).
    Removing finalproject.o(i.tcDelay), (24 bytes).
    Removing finalproject.o(i.tcDelayInit), (18 bytes).
    Removing finalproject.o(i.tcDelayMicroseconds), (44 bytes).
    Removing finalproject.o(i.tcDelaySeconds), (24 bytes).
    Removing finalproject.o(i.tcReadChannel), (30 bytes).
    Removing finalproject.o(i.uartInit), (84 bytes).
    Removing finalproject.o(i.uartRx), (24 bytes).
    Removing finalproject.o(i.uartRxReady), (16 bytes).
    Removing finalproject.o(i.uartTx), (28 bytes).
    Removing system_sam4s.o(.rev16_text), (4 bytes).
    Removing system_sam4s.o(.revsh_text), (4 bytes).
    Removing system_sam4s.o(.rrx_text), (6 bytes).
    Removing system_sam4s.o(i.SystemCoreClockUpdate), (388 bytes).
    Removing system_sam4s.o(.data), (4 bytes).

35 unused section(s) (total 2174 bytes) removed from the image.

==============================================================================

Image Symbol Table

    Local Symbols

    Symbol Name                              Value     Ov Type        Size  Object(Section)

    ../clib/angel/boardlib.s                 0x00000000   Number         0  boardinit2.o ABSOLUTE
    ../clib/angel/boardlib.s                 0x00000000   Number         0  boardinit3.o ABSOLUTE
    ../clib/angel/boardlib.s                 0x00000000   Number         0  boardshut.o ABSOLUTE
    ../clib/angel/boardlib.s                 0x00000000   Number         0  boardinit1.o ABSOLUTE
    ../clib/angel/handlers.s                 0x00000000   Number         0  __scatter_zi.o ABSOLUTE
    ../clib/angel/kernel.s                   0x00000000   Number         0  rtexit2.o ABSOLUTE
    ../clib/angel/kernel.s                   0x00000000   Number         0  __rtentry4.o ABSOLUTE
    ../clib/angel/kernel.s                   0x00000000   Number         0  __rtentry.o ABSOLUTE
    ../clib/angel/kernel.s                   0x00000000   Number         0  rtexit.o ABSOLUTE
    ../clib/angel/kernel.s                   0x00000000   Number         0  __rtentry2.o ABSOLUTE
    ../clib/angel/rt.s                       0x00000000   Number         0  rt_raise.o ABSOLUTE
    ../clib/angel/scatter.s                  0x00000000   Number         0  __scatter.o ABSOLUTE
    ../clib/angel/startup.s                  0x00000000   Number         0  __main.o ABSOLUTE
    ../clib/angel/sys.s                      0x00000000   Number         0  indicate_semi.o ABSOLUTE
    ../clib/angel/sys.s                      0x00000000   Number         0  sys_stackheap_outer.o ABSOLUTE
    ../clib/angel/sys.s                      0x00000000   Number         0  use_no_semi.o ABSOLUTE
    ../clib/angel/sys.s                      0x00000000   Number         0  libspace.o ABSOLUTE
    ../clib/angel/sysapp.c                   0x00000000   Number         0  sys_exit.o ABSOLUTE
    ../clib/angel/sysapp.c                   0x00000000   Number         0  sys_wrch.o ABSOLUTE
    ../clib/angel/sysapp.c                   0x00000000   Number         0  sys_command.o ABSOLUTE
    ../clib/armsys.c                         0x00000000   Number         0  argv_veneer.o ABSOLUTE
    ../clib/armsys.c                         0x00000000   Number         0  argv_veneer.o ABSOLUTE
    ../clib/armsys.c                         0x00000000   Number         0  _get_argv_nomalloc.o ABSOLUTE
    ../clib/armsys.c                         0x00000000   Number         0  no_argv.o ABSOLUTE
    ../clib/heapalloc.c                      0x00000000   Number         0  hrguard.o ABSOLUTE
    ../clib/heapaux.c                        0x00000000   Number         0  heapauxi.o ABSOLUTE
    ../clib/libinit.s                        0x00000000   Number         0  libinit.o ABSOLUTE
    ../clib/libinit.s                        0x00000000   Number         0  libinit2.o ABSOLUTE
    ../clib/libinit.s                        0x00000000   Number         0  libshutdown2.o ABSOLUTE
    ../clib/libinit.s                        0x00000000   Number         0  libshutdown.o ABSOLUTE
    ../clib/memcpset.s                       0x00000000   Number         0  rt_memcpy_w.o ABSOLUTE
    ../clib/signal.c                         0x00000000   Number         0  defsig_other.o ABSOLUTE
    ../clib/signal.c                         0x00000000   Number         0  defsig_segv_inner.o ABSOLUTE
    ../clib/signal.c                         0x00000000   Number         0  defsig_pvfn_inner.o ABSOLUTE
    ../clib/signal.c                         0x00000000   Number         0  defsig_stak_inner.o ABSOLUTE
    ../clib/signal.c                         0x00000000   Number         0  defsig_rtred_inner.o ABSOLUTE
    ../clib/signal.c                         0x00000000   Number         0  defsig_fpe_inner.o ABSOLUTE
    ../clib/signal.c                         0x00000000   Number         0  defsig_abrt_inner.o ABSOLUTE
    ../clib/signal.c                         0x00000000   Number         0  defsig_rtmem_outer.o ABSOLUTE
    ../clib/signal.c                         0x00000000   Number         0  defsig_rtmem_formal.o ABSOLUTE
    ../clib/signal.c                         0x00000000   Number         0  defsig_cppl_inner.o ABSOLUTE
    ../clib/signal.c                         0x00000000   Number         0  __raise.o ABSOLUTE
    ../clib/signal.c                         0x00000000   Number         0  defsig_general.o ABSOLUTE
    ../clib/signal.c                         0x00000000   Number         0  defsig_exit.o ABSOLUTE
    ../clib/signal.c                         0x00000000   Number         0  defsig_rtmem_inner.o ABSOLUTE
    ../clib/signal.s                         0x00000000   Number         0  defsig.o ABSOLUTE
    ../clib/stdlib.c                         0x00000000   Number         0  exit.o ABSOLUTE
    ../fplib/d2f.s                           0x00000000   Number         0  d2f.o ABSOLUTE
    ../fplib/dfixu.s                         0x00000000   Number         0  dfixu.o ABSOLUTE
    ../fplib/dflt.s                          0x00000000   Number         0  dflt_clz.o ABSOLUTE
    ../fplib/dmul.s                          0x00000000   Number         0  dmul.o ABSOLUTE
    ../fplib/dnaninf.s                       0x00000000   Number         0  dnaninf.o ABSOLUTE
    ../fplib/dretinf.s                       0x00000000   Number         0  dretinf.o ABSOLUTE
    ../fplib/f2d.s                           0x00000000   Number         0  f2d.o ABSOLUTE
    ../fplib/fdiv.s                          0x00000000   Number         0  fdiv.o ABSOLUTE
    ../fplib/fflt.s                          0x00000000   Number         0  fflt_clz.o ABSOLUTE
    ../fplib/fnaninf.s                       0x00000000   Number         0  fnaninf.o ABSOLUTE
    ../fplib/fpinit.s                        0x00000000   Number         0  fpinit.o ABSOLUTE
    ../fplib/fretinf.s                       0x00000000   Number         0  fretinf.o ABSOLUTE
    ../fplib/usenofp.s                       0x00000000   Number         0  usenofp.o ABSOLUTE
    RTE\Device\ATSAM4S4B\startup_SAM4S.s     0x00000000   Number         0  startup_sam4s.o ABSOLUTE
    RTE\Device\ATSAM4S4B\system_SAM4S.c      0x00000000   Number         0  system_sam4s.o ABSOLUTE
    RTE\\Device\\ATSAM4S4B\\system_SAM4S.c   0x00000000   Number         0  system_sam4s.o ABSOLUTE
    dc.s                                     0x00000000   Number         0  dc.o ABSOLUTE
    finalProject.c                           0x00000000   Number         0  finalproject.o ABSOLUTE
    RESET                                    0x00400000   Section      204  startup_sam4s.o(RESET)
    !!!main                                  0x004000cc   Section        8  __main.o(!!!main)
    !!!scatter                               0x004000d4   Section       52  __scatter.o(!!!scatter)
    !!handler_zi                             0x00400108   Section       28  __scatter_zi.o(!!handler_zi)
    .ARM.Collect$$libinit$$00000000          0x00400124   Section        2  libinit.o(.ARM.Collect$$libinit$$00000000)
    .ARM.Collect$$libinit$$00000002          0x00400126   Section        0  libinit2.o(.ARM.Collect$$libinit$$00000002)
    .ARM.Collect$$libinit$$00000004          0x00400126   Section        0  libinit2.o(.ARM.Collect$$libinit$$00000004)
    .ARM.Collect$$libinit$$0000000A          0x00400126   Section        0  libinit2.o(.ARM.Collect$$libinit$$0000000A)
    .ARM.Collect$$libinit$$0000000C          0x00400126   Section        0  libinit2.o(.ARM.Collect$$libinit$$0000000C)
    .ARM.Collect$$libinit$$0000000E          0x00400126   Section        0  libinit2.o(.ARM.Collect$$libinit$$0000000E)
    .ARM.Collect$$libinit$$00000011          0x00400126   Section        0  libinit2.o(.ARM.Collect$$libinit$$00000011)
    .ARM.Collect$$libinit$$00000013          0x00400126   Section        0  libinit2.o(.ARM.Collect$$libinit$$00000013)
    .ARM.Collect$$libinit$$00000015          0x00400126   Section        0  libinit2.o(.ARM.Collect$$libinit$$00000015)
    .ARM.Collect$$libinit$$00000017          0x00400126   Section        0  libinit2.o(.ARM.Collect$$libinit$$00000017)
    .ARM.Collect$$libinit$$00000019          0x00400126   Section        0  libinit2.o(.ARM.Collect$$libinit$$00000019)
    .ARM.Collect$$libinit$$0000001B          0x00400126   Section        0  libinit2.o(.ARM.Collect$$libinit$$0000001B)
    .ARM.Collect$$libinit$$0000001D          0x00400126   Section        0  libinit2.o(.ARM.Collect$$libinit$$0000001D)
    .ARM.Collect$$libinit$$0000001F          0x00400126   Section        0  libinit2.o(.ARM.Collect$$libinit$$0000001F)
    .ARM.Collect$$libinit$$00000021          0x00400126   Section        0  libinit2.o(.ARM.Collect$$libinit$$00000021)
    .ARM.Collect$$libinit$$00000023          0x00400126   Section        0  libinit2.o(.ARM.Collect$$libinit$$00000023)
    .ARM.Collect$$libinit$$00000025          0x00400126   Section        0  libinit2.o(.ARM.Collect$$libinit$$00000025)
    .ARM.Collect$$libinit$$0000002C          0x00400126   Section        0  libinit2.o(.ARM.Collect$$libinit$$0000002C)
    .ARM.Collect$$libinit$$0000002E          0x00400126   Section        0  libinit2.o(.ARM.Collect$$libinit$$0000002E)
    .ARM.Collect$$libinit$$00000030          0x00400126   Section        0  libinit2.o(.ARM.Collect$$libinit$$00000030)
    .ARM.Collect$$libinit$$00000032          0x00400126   Section        0  libinit2.o(.ARM.Collect$$libinit$$00000032)
    .ARM.Collect$$libinit$$00000033          0x00400126   Section        2  libinit2.o(.ARM.Collect$$libinit$$00000033)
    .ARM.Collect$$libshutdown$$00000000      0x00400128   Section        2  libshutdown.o(.ARM.Collect$$libshutdown$$00000000)
    .ARM.Collect$$libshutdown$$00000002      0x0040012a   Section        0  libshutdown2.o(.ARM.Collect$$libshutdown$$00000002)
    .ARM.Collect$$libshutdown$$00000004      0x0040012a   Section        0  libshutdown2.o(.ARM.Collect$$libshutdown$$00000004)
    .ARM.Collect$$libshutdown$$00000007      0x0040012a   Section        0  libshutdown2.o(.ARM.Collect$$libshutdown$$00000007)
    .ARM.Collect$$libshutdown$$0000000A      0x0040012a   Section        0  libshutdown2.o(.ARM.Collect$$libshutdown$$0000000A)
    .ARM.Collect$$libshutdown$$0000000C      0x0040012a   Section        0  libshutdown2.o(.ARM.Collect$$libshutdown$$0000000C)
    .ARM.Collect$$libshutdown$$0000000F      0x0040012a   Section        0  libshutdown2.o(.ARM.Collect$$libshutdown$$0000000F)
    .ARM.Collect$$libshutdown$$00000010      0x0040012a   Section        2  libshutdown2.o(.ARM.Collect$$libshutdown$$00000010)
    .ARM.Collect$$rtentry$$00000000          0x0040012c   Section        0  __rtentry.o(.ARM.Collect$$rtentry$$00000000)
    .ARM.Collect$$rtentry$$00000002          0x0040012c   Section        0  __rtentry2.o(.ARM.Collect$$rtentry$$00000002)
    .ARM.Collect$$rtentry$$00000004          0x0040012c   Section        6  __rtentry4.o(.ARM.Collect$$rtentry$$00000004)
    .ARM.Collect$$rtentry$$00000009          0x00400132   Section        0  __rtentry2.o(.ARM.Collect$$rtentry$$00000009)
    .ARM.Collect$$rtentry$$0000000A          0x00400132   Section        4  __rtentry2.o(.ARM.Collect$$rtentry$$0000000A)
    .ARM.Collect$$rtentry$$0000000C          0x00400136   Section        0  __rtentry2.o(.ARM.Collect$$rtentry$$0000000C)
    .ARM.Collect$$rtentry$$0000000D          0x00400136   Section        8  __rtentry2.o(.ARM.Collect$$rtentry$$0000000D)
    .ARM.Collect$$rtexit$$00000000           0x0040013e   Section        2  rtexit.o(.ARM.Collect$$rtexit$$00000000)
    .ARM.Collect$$rtexit$$00000002           0x00400140   Section        0  rtexit2.o(.ARM.Collect$$rtexit$$00000002)
    .ARM.Collect$$rtexit$$00000003           0x00400140   Section        4  rtexit2.o(.ARM.Collect$$rtexit$$00000003)
    .ARM.Collect$$rtexit$$00000004           0x00400144   Section        6  rtexit2.o(.ARM.Collect$$rtexit$$00000004)
    .text                                    0x0040014c   Section       64  startup_sam4s.o(.text)
    .text                                    0x0040018c   Section        0  heapauxi.o(.text)
    .text                                    0x00400192   Section       74  sys_stackheap_outer.o(.text)
    .text                                    0x004001dc   Section        0  exit.o(.text)
    .text                                    0x004001f0   Section        8  libspace.o(.text)
    .text                                    0x004001f8   Section        0  sys_exit.o(.text)
    .text                                    0x00400204   Section        2  use_no_semi.o(.text)
    .text                                    0x00400206   Section        0  indicate_semi.o(.text)
    i.SystemInit                             0x00400208   Section        0  system_sam4s.o(i.SystemInit)
    i.main                                   0x00400234   Section        0  finalproject.o(i.main)
    i.pioDigitalRead                         0x004002bc   Section        0  finalproject.o(i.pioDigitalRead)
    i.pioDigitalWrite                        0x004002e0   Section        0  finalproject.o(i.pioDigitalWrite)
    i.pioInit                                0x00400316   Section        0  finalproject.o(i.pioInit)
    i.pioPinMode                             0x00400326   Section        0  finalproject.o(i.pioPinMode)
    i.pioPinToBase                           0x00400400   Section        0  finalproject.o(i.pioPinToBase)
    i.pioPinToPort                           0x00400412   Section        0  finalproject.o(i.pioPinToPort)
    i.pioPortToBase                          0x00400418   Section        0  finalproject.o(i.pioPortToBase)
    i.playNote                               0x0040042c   Section        0  finalproject.o(i.playNote)
    i.pmcDisableWriteProtection              0x004004a8   Section        0  finalproject.o(i.pmcDisableWriteProtection)
    i.pmcEnablePeriph                        0x004004b8   Section        0  finalproject.o(i.pmcEnablePeriph)
    i.pmcMainClkBypass                       0x004004c8   Section        0  finalproject.o(i.pmcMainClkBypass)
    i.samInit                                0x00400504   Section        0  finalproject.o(i.samInit)
    i.spiInit                                0x00400514   Section        0  finalproject.o(i.spiInit)
    i.spiSendReceive                         0x00400584   Section        0  finalproject.o(i.spiSendReceive)
    i.tcBlockToBlockBase                     0x004005ac   Section        0  finalproject.o(i.tcBlockToBlockBase)
    i.tcChannelInit                          0x004005c0   Section        0  finalproject.o(i.tcChannelInit)
    i.tcChannelToBlock                       0x00400626   Section        0  finalproject.o(i.tcChannelToBlock)
    i.tcChannelToBlockBase                   0x00400630   Section        0  finalproject.o(i.tcChannelToBlockBase)
    i.tcCheckRC_compare                      0x00400642   Section        0  finalproject.o(i.tcCheckRC_compare)
    i.tcInit                                 0x00400664   Section        0  finalproject.o(i.tcInit)
    i.tcResetChannel                         0x00400674   Section        0  finalproject.o(i.tcResetChannel)
    i.tcSetRC_compare                        0x0040069e   Section        0  finalproject.o(i.tcSetRC_compare)
    i.wdtDisable                             0x004006c0   Section        0  finalproject.o(i.wdtDisable)
    x$fpl$dfixu                              0x004006d8   Section       90  dfixu.o(x$fpl$dfixu)
    x$fpl$dflt                               0x00400732   Section       46  dflt_clz.o(x$fpl$dflt)
    x$fpl$dmul                               0x00400760   Section      340  dmul.o(x$fpl$dmul)
    x$fpl$dnaninf                            0x004008b4   Section      156  dnaninf.o(x$fpl$dnaninf)
    x$fpl$dretinf                            0x00400950   Section       12  dretinf.o(x$fpl$dretinf)
    .constdata                               0x0040095c   Section     1432  finalproject.o(.constdata)
    x$fpl$usenofp                            0x0040095c   Section        0  usenofp.o(x$fpl$usenofp)
    .bss                                     0x20000000   Section       96  libspace.o(.bss)
    HEAP                                     0x20000060   Section      512  startup_sam4s.o(HEAP)
    Heap_Mem                                 0x20000060   Data         512  startup_sam4s.o(HEAP)
    STACK                                    0x20000260   Section      512  startup_sam4s.o(STACK)
    Stack_Mem                                0x20000260   Data         512  startup_sam4s.o(STACK)
    __initial_sp                             0x20000460   Data           0  startup_sam4s.o(STACK)

    Global Symbols

    Symbol Name                              Value     Ov Type        Size  Object(Section)

    BuildAttributes$$THM_ISAv4$E$P$D$K$B$S$7EM$PE$A:L22UL41UL21$X:L11$S22US41US21$IEEE1$IW$USESV6$~STKCKD$USESV7$~SHL$OSPACE$ROPI$EBA8$UX$STANDARDLIB$REQ8$PRES8$EABIv2 0x00000000   Number         0  anon$$obj.o ABSOLUTE
    __ARM_use_no_argv                        0x00000000   Number         0  finalproject.o ABSOLUTE
    __ARM_exceptions_init                     - Undefined Weak Reference
    __alloca_initialize                       - Undefined Weak Reference
    __arm_preinit_                            - Undefined Weak Reference
    __cpp_initialize__aeabi_                  - Undefined Weak Reference
    __cxa_finalize                            - Undefined Weak Reference
    __rt_locale                               - Undefined Weak Reference
    __sigvec_lookup                           - Undefined Weak Reference
    _atexit_init                              - Undefined Weak Reference
    _call_atexit_fns                          - Undefined Weak Reference
    _clock_init                               - Undefined Weak Reference
    _fp_trap_init                             - Undefined Weak Reference
    _fp_trap_shutdown                         - Undefined Weak Reference
    _get_lc_collate                           - Undefined Weak Reference
    _get_lc_ctype                             - Undefined Weak Reference
    _get_lc_monetary                          - Undefined Weak Reference
    _get_lc_numeric                           - Undefined Weak Reference
    _get_lc_time                              - Undefined Weak Reference
    _getenv_init                              - Undefined Weak Reference
    _handle_redirection                       - Undefined Weak Reference
    _init_alloc                               - Undefined Weak Reference
    _init_user_alloc                          - Undefined Weak Reference
    _initio                                   - Undefined Weak Reference
    _rand_init                                - Undefined Weak Reference
    _signal_finish                            - Undefined Weak Reference
    _signal_init                              - Undefined Weak Reference
    _terminate_alloc                          - Undefined Weak Reference
    _terminate_user_alloc                     - Undefined Weak Reference
    _terminateio                              - Undefined Weak Reference
    __Vectors_Size                           0x000000cc   Number         0  startup_sam4s.o ABSOLUTE
    __Vectors                                0x00400000   Data           4  startup_sam4s.o(RESET)
    __Vectors_End                            0x004000cc   Data           0  startup_sam4s.o(RESET)
    __main                                   0x004000cd   Thumb Code     8  __main.o(!!!main)
    __scatterload                            0x004000d5   Thumb Code     0  __scatter.o(!!!scatter)
    __scatterload_rt2                        0x004000d5   Thumb Code    44  __scatter.o(!!!scatter)
    __scatterload_rt2_thumb_only             0x004000d5   Thumb Code     0  __scatter.o(!!!scatter)
    __scatterload_null                       0x004000e3   Thumb Code     0  __scatter.o(!!!scatter)
    __scatterload_zeroinit                   0x00400109   Thumb Code    28  __scatter_zi.o(!!handler_zi)
    __rt_lib_init                            0x00400125   Thumb Code     0  libinit.o(.ARM.Collect$$libinit$$00000000)
    __rt_lib_init_alloca_1                   0x00400127   Thumb Code     0  libinit2.o(.ARM.Collect$$libinit$$0000002E)
    __rt_lib_init_argv_1                     0x00400127   Thumb Code     0  libinit2.o(.ARM.Collect$$libinit$$0000002C)
    __rt_lib_init_atexit_1                   0x00400127   Thumb Code     0  libinit2.o(.ARM.Collect$$libinit$$0000001B)
    __rt_lib_init_clock_1                    0x00400127   Thumb Code     0  libinit2.o(.ARM.Collect$$libinit$$00000021)
    __rt_lib_init_cpp_1                      0x00400127   Thumb Code     0  libinit2.o(.ARM.Collect$$libinit$$00000032)
    __rt_lib_init_exceptions_1               0x00400127   Thumb Code     0  libinit2.o(.ARM.Collect$$libinit$$00000030)
    __rt_lib_init_fp_1                       0x00400127   Thumb Code     0  libinit2.o(.ARM.Collect$$libinit$$00000002)
    __rt_lib_init_fp_trap_1                  0x00400127   Thumb Code     0  libinit2.o(.ARM.Collect$$libinit$$0000001F)
    __rt_lib_init_getenv_1                   0x00400127   Thumb Code     0  libinit2.o(.ARM.Collect$$libinit$$00000023)
    __rt_lib_init_heap_1                     0x00400127   Thumb Code     0  libinit2.o(.ARM.Collect$$libinit$$0000000A)
    __rt_lib_init_lc_collate_1               0x00400127   Thumb Code     0  libinit2.o(.ARM.Collect$$libinit$$00000011)
    __rt_lib_init_lc_ctype_1                 0x00400127   Thumb Code     0  libinit2.o(.ARM.Collect$$libinit$$00000013)
    __rt_lib_init_lc_monetary_1              0x00400127   Thumb Code     0  libinit2.o(.ARM.Collect$$libinit$$00000015)
    __rt_lib_init_lc_numeric_1               0x00400127   Thumb Code     0  libinit2.o(.ARM.Collect$$libinit$$00000017)
    __rt_lib_init_lc_time_1                  0x00400127   Thumb Code     0  libinit2.o(.ARM.Collect$$libinit$$00000019)
    __rt_lib_init_preinit_1                  0x00400127   Thumb Code     0  libinit2.o(.ARM.Collect$$libinit$$00000004)
    __rt_lib_init_rand_1                     0x00400127   Thumb Code     0  libinit2.o(.ARM.Collect$$libinit$$0000000E)
    __rt_lib_init_return                     0x00400127   Thumb Code     0  libinit2.o(.ARM.Collect$$libinit$$00000033)
    __rt_lib_init_signal_1                   0x00400127   Thumb Code     0  libinit2.o(.ARM.Collect$$libinit$$0000001D)
    __rt_lib_init_stdio_1                    0x00400127   Thumb Code     0  libinit2.o(.ARM.Collect$$libinit$$00000025)
    __rt_lib_init_user_alloc_1               0x00400127   Thumb Code     0  libinit2.o(.ARM.Collect$$libinit$$0000000C)
    __rt_lib_shutdown                        0x00400129   Thumb Code     0  libshutdown.o(.ARM.Collect$$libshutdown$$00000000)
    __rt_lib_shutdown_cpp_1                  0x0040012b   Thumb Code     0  libshutdown2.o(.ARM.Collect$$libshutdown$$00000002)
    __rt_lib_shutdown_fp_trap_1              0x0040012b   Thumb Code     0  libshutdown2.o(.ARM.Collect$$libshutdown$$00000007)
    __rt_lib_shutdown_heap_1                 0x0040012b   Thumb Code     0  libshutdown2.o(.ARM.Collect$$libshutdown$$0000000F)
    __rt_lib_shutdown_return                 0x0040012b   Thumb Code     0  libshutdown2.o(.ARM.Collect$$libshutdown$$00000010)
    __rt_lib_shutdown_signal_1               0x0040012b   Thumb Code     0  libshutdown2.o(.ARM.Collect$$libshutdown$$0000000A)
    __rt_lib_shutdown_stdio_1                0x0040012b   Thumb Code     0  libshutdown2.o(.ARM.Collect$$libshutdown$$00000004)
    __rt_lib_shutdown_user_alloc_1           0x0040012b   Thumb Code     0  libshutdown2.o(.ARM.Collect$$libshutdown$$0000000C)
    __rt_entry                               0x0040012d   Thumb Code     0  __rtentry.o(.ARM.Collect$$rtentry$$00000000)
    __rt_entry_presh_1                       0x0040012d   Thumb Code     0  __rtentry2.o(.ARM.Collect$$rtentry$$00000002)
    __rt_entry_sh                            0x0040012d   Thumb Code     0  __rtentry4.o(.ARM.Collect$$rtentry$$00000004)
    __rt_entry_li                            0x00400133   Thumb Code     0  __rtentry2.o(.ARM.Collect$$rtentry$$0000000A)
    __rt_entry_postsh_1                      0x00400133   Thumb Code     0  __rtentry2.o(.ARM.Collect$$rtentry$$00000009)
    __rt_entry_main                          0x00400137   Thumb Code     0  __rtentry2.o(.ARM.Collect$$rtentry$$0000000D)
    __rt_entry_postli_1                      0x00400137   Thumb Code     0  __rtentry2.o(.ARM.Collect$$rtentry$$0000000C)
    __rt_exit                                0x0040013f   Thumb Code     0  rtexit.o(.ARM.Collect$$rtexit$$00000000)
    __rt_exit_ls                             0x00400141   Thumb Code     0  rtexit2.o(.ARM.Collect$$rtexit$$00000003)
    __rt_exit_prels_1                        0x00400141   Thumb Code     0  rtexit2.o(.ARM.Collect$$rtexit$$00000002)
    __rt_exit_exit                           0x00400145   Thumb Code     0  rtexit2.o(.ARM.Collect$$rtexit$$00000004)
    Reset_Handler                            0x0040014d   Thumb Code     8  startup_sam4s.o(.text)
    NMI_Handler                              0x00400155   Thumb Code     2  startup_sam4s.o(.text)
    HardFault_Handler                        0x00400157   Thumb Code     2  startup_sam4s.o(.text)
    MemManage_Handler                        0x00400159   Thumb Code     2  startup_sam4s.o(.text)
    BusFault_Handler                         0x0040015b   Thumb Code     2  startup_sam4s.o(.text)
    UsageFault_Handler                       0x0040015d   Thumb Code     2  startup_sam4s.o(.text)
    SVC_Handler                              0x0040015f   Thumb Code     2  startup_sam4s.o(.text)
    DebugMon_Handler                         0x00400161   Thumb Code     2  startup_sam4s.o(.text)
    PendSV_Handler                           0x00400163   Thumb Code     2  startup_sam4s.o(.text)
    SysTick_Handler                          0x00400165   Thumb Code     2  startup_sam4s.o(.text)
    ACC_IRQHandler                           0x00400167   Thumb Code     0  startup_sam4s.o(.text)
    ADC_IRQHandler                           0x00400167   Thumb Code     0  startup_sam4s.o(.text)
    CRCCU_IRQHandler                         0x00400167   Thumb Code     0  startup_sam4s.o(.text)
    DACC_IRQHandler                          0x00400167   Thumb Code     0  startup_sam4s.o(.text)
    EEFC0_IRQHandler                         0x00400167   Thumb Code     0  startup_sam4s.o(.text)
    EEFC1_IRQHandler                         0x00400167   Thumb Code     0  startup_sam4s.o(.text)
    HSMCI_IRQHandler                         0x00400167   Thumb Code     0  startup_sam4s.o(.text)
    PIOA_IRQHandler                          0x00400167   Thumb Code     0  startup_sam4s.o(.text)
    PIOB_IRQHandler                          0x00400167   Thumb Code     0  startup_sam4s.o(.text)
    PIOC_IRQHandler                          0x00400167   Thumb Code     0  startup_sam4s.o(.text)
    PMC_IRQHandler                           0x00400167   Thumb Code     0  startup_sam4s.o(.text)
    PWM_IRQHandler                           0x00400167   Thumb Code     0  startup_sam4s.o(.text)
    RSTC_IRQHandler                          0x00400167   Thumb Code     0  startup_sam4s.o(.text)
    RTC_IRQHandler                           0x00400167   Thumb Code     0  startup_sam4s.o(.text)
    RTT_IRQHandler                           0x00400167   Thumb Code     0  startup_sam4s.o(.text)
    SPI_IRQHandler                           0x00400167   Thumb Code     0  startup_sam4s.o(.text)
    SSC_IRQHandler                           0x00400167   Thumb Code     0  startup_sam4s.o(.text)
    SUPC_IRQHandler                          0x00400167   Thumb Code     0  startup_sam4s.o(.text)
    TC0_IRQHandler                           0x00400167   Thumb Code     0  startup_sam4s.o(.text)
    TC1_IRQHandler                           0x00400167   Thumb Code     0  startup_sam4s.o(.text)
    TC2_IRQHandler                           0x00400167   Thumb Code     0  startup_sam4s.o(.text)
    TC3_IRQHandler                           0x00400167   Thumb Code     0  startup_sam4s.o(.text)
    TC4_IRQHandler                           0x00400167   Thumb Code     0  startup_sam4s.o(.text)
    TC5_IRQHandler                           0x00400167   Thumb Code     0  startup_sam4s.o(.text)
    TWI0_IRQHandler                          0x00400167   Thumb Code     0  startup_sam4s.o(.text)
    TWI1_IRQHandler                          0x00400167   Thumb Code     0  startup_sam4s.o(.text)
    UART0_IRQHandler                         0x00400167   Thumb Code     0  startup_sam4s.o(.text)
    UART1_IRQHandler                         0x00400167   Thumb Code     0  startup_sam4s.o(.text)
    UDP_IRQHandler                           0x00400167   Thumb Code     0  startup_sam4s.o(.text)
    USART0_IRQHandler                        0x00400167   Thumb Code     0  startup_sam4s.o(.text)
    USART1_IRQHandler                        0x00400167   Thumb Code     0  startup_sam4s.o(.text)
    WDT_IRQHandler                           0x00400167   Thumb Code     0  startup_sam4s.o(.text)
    __user_initial_stackheap                 0x00400169   Thumb Code     0  startup_sam4s.o(.text)
    __use_two_region_memory                  0x0040018d   Thumb Code     2  heapauxi.o(.text)
    __rt_heap_escrow$2region                 0x0040018f   Thumb Code     2  heapauxi.o(.text)
    __rt_heap_expand$2region                 0x00400191   Thumb Code     2  heapauxi.o(.text)
    __user_setup_stackheap                   0x00400193   Thumb Code    74  sys_stackheap_outer.o(.text)
    exit                                     0x004001dd   Thumb Code    18  exit.o(.text)
    __user_libspace                          0x004001f1   Thumb Code     8  libspace.o(.text)
    __user_perproc_libspace                  0x004001f1   Thumb Code     0  libspace.o(.text)
    __user_perthread_libspace                0x004001f1   Thumb Code     0  libspace.o(.text)
    _sys_exit                                0x004001f9   Thumb Code     8  sys_exit.o(.text)
    __I$use$semihosting                      0x00400205   Thumb Code     0  use_no_semi.o(.text)
    __use_no_semihosting_swi                 0x00400205   Thumb Code     2  use_no_semi.o(.text)
    __semihosting_library_function           0x00400207   Thumb Code     0  indicate_semi.o(.text)
    SystemInit                               0x00400209   Thumb Code    28  system_sam4s.o(i.SystemInit)
    main                                     0x00400235   Thumb Code   128  finalproject.o(i.main)
    pioDigitalRead                           0x004002bd   Thumb Code    36  finalproject.o(i.pioDigitalRead)
    pioDigitalWrite                          0x004002e1   Thumb Code    54  finalproject.o(i.pioDigitalWrite)
    pioInit                                  0x00400317   Thumb Code    16  finalproject.o(i.pioInit)
    pioPinMode                               0x00400327   Thumb Code   218  finalproject.o(i.pioPinMode)
    pioPinToBase                             0x00400401   Thumb Code    18  finalproject.o(i.pioPinToBase)
    pioPinToPort                             0x00400413   Thumb Code     6  finalproject.o(i.pioPinToPort)
    pioPortToBase                            0x00400419   Thumb Code    12  finalproject.o(i.pioPortToBase)
    playNote                                 0x0040042d   Thumb Code   114  finalproject.o(i.playNote)
    pmcDisableWriteProtection                0x004004a9   Thumb Code     8  finalproject.o(i.pmcDisableWriteProtection)
    pmcEnablePeriph                          0x004004b9   Thumb Code    10  finalproject.o(i.pmcEnablePeriph)
    pmcMainClkBypass                         0x004004c9   Thumb Code    52  finalproject.o(i.pmcMainClkBypass)
    samInit                                  0x00400505   Thumb Code    16  finalproject.o(i.samInit)
    spiInit                                  0x00400515   Thumb Code   108  finalproject.o(i.spiInit)
    spiSendReceive                           0x00400585   Thumb Code    36  finalproject.o(i.spiSendReceive)
    tcBlockToBlockBase                       0x004005ad   Thumb Code    12  finalproject.o(i.tcBlockToBlockBase)
    tcChannelInit                            0x004005c1   Thumb Code   102  finalproject.o(i.tcChannelInit)
    tcChannelToBlock                         0x00400627   Thumb Code    10  finalproject.o(i.tcChannelToBlock)
    tcChannelToBlockBase                     0x00400631   Thumb Code    18  finalproject.o(i.tcChannelToBlockBase)
    tcCheckRC_compare                        0x00400643   Thumb Code    34  finalproject.o(i.tcCheckRC_compare)
    tcInit                                   0x00400665   Thumb Code    16  finalproject.o(i.tcInit)
    tcResetChannel                           0x00400675   Thumb Code    42  finalproject.o(i.tcResetChannel)
    tcSetRC_compare                          0x0040069f   Thumb Code    32  finalproject.o(i.tcSetRC_compare)
    wdtDisable                               0x004006c1   Thumb Code    18  finalproject.o(i.wdtDisable)
    __aeabi_d2uiz                            0x004006d9   Thumb Code     0  dfixu.o(x$fpl$dfixu)
    _dfixu                                   0x004006d9   Thumb Code    90  dfixu.o(x$fpl$dfixu)
    __aeabi_i2d                              0x00400733   Thumb Code     0  dflt_clz.o(x$fpl$dflt)
    _dflt                                    0x00400733   Thumb Code    46  dflt_clz.o(x$fpl$dflt)
    __aeabi_dmul                             0x00400761   Thumb Code     0  dmul.o(x$fpl$dmul)
    _dmul                                    0x00400761   Thumb Code   332  dmul.o(x$fpl$dmul)
    __fpl_dnaninf                            0x004008b5   Thumb Code   156  dnaninf.o(x$fpl$dnaninf)
    __fpl_dretinf                            0x00400951   Thumb Code    12  dretinf.o(x$fpl$dretinf)
    __I$use$fp                               0x0040095c   Number         0  usenofp.o(x$fpl$usenofp)
    song1                                    0x0040095c   Data         872  finalproject.o(.constdata)
    song2                                    0x00400cc4   Data         488  finalproject.o(.constdata)
    notes                                    0x00400eac   Data          28  finalproject.o(.constdata)
    Region$$Table$$Base                      0x00400ef4   Number         0  anon$$obj.o(Region$$Table)
    Region$$Table$$Limit                     0x00400f04   Number         0  anon$$obj.o(Region$$Table)
    __libspace_start                         0x20000000   Data          96  libspace.o(.bss)
    __temporary_stack_top$libspace           0x20000060   Data           0  libspace.o(.bss)



==============================================================================

Memory Map of the image

  Image Entry point : 0x0040014d

  Load Region LR_1 (Base: 0x00400000, Size: 0x00000f04, Max: 0xffffffff, ABSOLUTE)

    Execution Region ER_RO (Exec base: 0x00400000, Load base: 0x00400000, Size: 0x00000f04, Max: 0xffffffff, ABSOLUTE)

    Exec Addr    Load Addr    Size         Type   Attr      Idx    E Section Name        Object

    0x00400000   0x00400000   0x000000cc   Data   RO          378    RESET               startup_sam4s.o
    0x004000cc   0x004000cc   0x00000008   Code   RO          610  * !!!main             c_w.l(__main.o)
    0x004000d4   0x004000d4   0x00000034   Code   RO          802    !!!scatter          c_w.l(__scatter.o)
    0x00400108   0x00400108   0x0000001c   Code   RO          804    !!handler_zi        c_w.l(__scatter_zi.o)
    0x00400124   0x00400124   0x00000002   Code   RO          672    .ARM.Collect$$libinit$$00000000  c_w.l(libinit.o)
    0x00400126   0x00400126   0x00000000   Code   RO          679    .ARM.Collect$$libinit$$00000002  c_w.l(libinit2.o)
    0x00400126   0x00400126   0x00000000   Code   RO          681    .ARM.Collect$$libinit$$00000004  c_w.l(libinit2.o)
    0x00400126   0x00400126   0x00000000   Code   RO          684    .ARM.Collect$$libinit$$0000000A  c_w.l(libinit2.o)
    0x00400126   0x00400126   0x00000000   Code   RO          686    .ARM.Collect$$libinit$$0000000C  c_w.l(libinit2.o)
    0x00400126   0x00400126   0x00000000   Code   RO          688    .ARM.Collect$$libinit$$0000000E  c_w.l(libinit2.o)
    0x00400126   0x00400126   0x00000000   Code   RO          691    .ARM.Collect$$libinit$$00000011  c_w.l(libinit2.o)
    0x00400126   0x00400126   0x00000000   Code   RO          693    .ARM.Collect$$libinit$$00000013  c_w.l(libinit2.o)
    0x00400126   0x00400126   0x00000000   Code   RO          695    .ARM.Collect$$libinit$$00000015  c_w.l(libinit2.o)
    0x00400126   0x00400126   0x00000000   Code   RO          697    .ARM.Collect$$libinit$$00000017  c_w.l(libinit2.o)
    0x00400126   0x00400126   0x00000000   Code   RO          699    .ARM.Collect$$libinit$$00000019  c_w.l(libinit2.o)
    0x00400126   0x00400126   0x00000000   Code   RO          701    .ARM.Collect$$libinit$$0000001B  c_w.l(libinit2.o)
    0x00400126   0x00400126   0x00000000   Code   RO          703    .ARM.Collect$$libinit$$0000001D  c_w.l(libinit2.o)
    0x00400126   0x00400126   0x00000000   Code   RO          705    .ARM.Collect$$libinit$$0000001F  c_w.l(libinit2.o)
    0x00400126   0x00400126   0x00000000   Code   RO          707    .ARM.Collect$$libinit$$00000021  c_w.l(libinit2.o)
    0x00400126   0x00400126   0x00000000   Code   RO          709    .ARM.Collect$$libinit$$00000023  c_w.l(libinit2.o)
    0x00400126   0x00400126   0x00000000   Code   RO          711    .ARM.Collect$$libinit$$00000025  c_w.l(libinit2.o)
    0x00400126   0x00400126   0x00000000   Code   RO          715    .ARM.Collect$$libinit$$0000002C  c_w.l(libinit2.o)
    0x00400126   0x00400126   0x00000000   Code   RO          717    .ARM.Collect$$libinit$$0000002E  c_w.l(libinit2.o)
    0x00400126   0x00400126   0x00000000   Code   RO          719    .ARM.Collect$$libinit$$00000030  c_w.l(libinit2.o)
    0x00400126   0x00400126   0x00000000   Code   RO          721    .ARM.Collect$$libinit$$00000032  c_w.l(libinit2.o)
    0x00400126   0x00400126   0x00000002   Code   RO          722    .ARM.Collect$$libinit$$00000033  c_w.l(libinit2.o)
    0x00400128   0x00400128   0x00000002   Code   RO          742    .ARM.Collect$$libshutdown$$00000000  c_w.l(libshutdown.o)
    0x0040012a   0x0040012a   0x00000000   Code   RO          755    .ARM.Collect$$libshutdown$$00000002  c_w.l(libshutdown2.o)
    0x0040012a   0x0040012a   0x00000000   Code   RO          757    .ARM.Collect$$libshutdown$$00000004  c_w.l(libshutdown2.o)
    0x0040012a   0x0040012a   0x00000000   Code   RO          760    .ARM.Collect$$libshutdown$$00000007  c_w.l(libshutdown2.o)
    0x0040012a   0x0040012a   0x00000000   Code   RO          763    .ARM.Collect$$libshutdown$$0000000A  c_w.l(libshutdown2.o)
    0x0040012a   0x0040012a   0x00000000   Code   RO          765    .ARM.Collect$$libshutdown$$0000000C  c_w.l(libshutdown2.o)
    0x0040012a   0x0040012a   0x00000000   Code   RO          768    .ARM.Collect$$libshutdown$$0000000F  c_w.l(libshutdown2.o)
    0x0040012a   0x0040012a   0x00000002   Code   RO          769    .ARM.Collect$$libshutdown$$00000010  c_w.l(libshutdown2.o)
    0x0040012c   0x0040012c   0x00000000   Code   RO          638    .ARM.Collect$$rtentry$$00000000  c_w.l(__rtentry.o)
    0x0040012c   0x0040012c   0x00000000   Code   RO          649    .ARM.Collect$$rtentry$$00000002  c_w.l(__rtentry2.o)
    0x0040012c   0x0040012c   0x00000006   Code   RO          661    .ARM.Collect$$rtentry$$00000004  c_w.l(__rtentry4.o)
    0x00400132   0x00400132   0x00000000   Code   RO          651    .ARM.Collect$$rtentry$$00000009  c_w.l(__rtentry2.o)
    0x00400132   0x00400132   0x00000004   Code   RO          652    .ARM.Collect$$rtentry$$0000000A  c_w.l(__rtentry2.o)
    0x00400136   0x00400136   0x00000000   Code   RO          654    .ARM.Collect$$rtentry$$0000000C  c_w.l(__rtentry2.o)
    0x00400136   0x00400136   0x00000008   Code   RO          655    .ARM.Collect$$rtentry$$0000000D  c_w.l(__rtentry2.o)
    0x0040013e   0x0040013e   0x00000002   Code   RO          676    .ARM.Collect$$rtexit$$00000000  c_w.l(rtexit.o)
    0x00400140   0x00400140   0x00000000   Code   RO          724    .ARM.Collect$$rtexit$$00000002  c_w.l(rtexit2.o)
    0x00400140   0x00400140   0x00000004   Code   RO          725    .ARM.Collect$$rtexit$$00000003  c_w.l(rtexit2.o)
    0x00400144   0x00400144   0x00000006   Code   RO          726    .ARM.Collect$$rtexit$$00000004  c_w.l(rtexit2.o)
    0x0040014a   0x0040014a   0x00000002   PAD
    0x0040014c   0x0040014c   0x00000040   Code   RO          379  * .text               startup_sam4s.o
    0x0040018c   0x0040018c   0x00000006   Code   RO          608    .text               c_w.l(heapauxi.o)
    0x00400192   0x00400192   0x0000004a   Code   RO          663    .text               c_w.l(sys_stackheap_outer.o)
    0x004001dc   0x004001dc   0x00000012   Code   RO          665    .text               c_w.l(exit.o)
    0x004001ee   0x004001ee   0x00000002   PAD
    0x004001f0   0x004001f0   0x00000008   Code   RO          673    .text               c_w.l(libspace.o)
    0x004001f8   0x004001f8   0x0000000c   Code   RO          734    .text               c_w.l(sys_exit.o)
    0x00400204   0x00400204   0x00000002   Code   RO          745    .text               c_w.l(use_no_semi.o)
    0x00400206   0x00400206   0x00000000   Code   RO          747    .text               c_w.l(indicate_semi.o)
    0x00400206   0x00400206   0x00000002   PAD
    0x00400208   0x00400208   0x0000002c   Code   RO          388    i.SystemInit        system_sam4s.o
    0x00400234   0x00400234   0x00000088   Code   RO            4    i.main              finalproject.o
    0x004002bc   0x004002bc   0x00000024   Code   RO            5    i.pioDigitalRead    finalproject.o
    0x004002e0   0x004002e0   0x00000036   Code   RO            6    i.pioDigitalWrite   finalproject.o
    0x00400316   0x00400316   0x00000010   Code   RO            7    i.pioInit           finalproject.o
    0x00400326   0x00400326   0x000000da   Code   RO            8    i.pioPinMode        finalproject.o
    0x00400400   0x00400400   0x00000012   Code   RO           10    i.pioPinToBase      finalproject.o
    0x00400412   0x00400412   0x00000006   Code   RO           11    i.pioPinToPort      finalproject.o
    0x00400418   0x00400418   0x00000014   Code   RO           12    i.pioPortToBase     finalproject.o
    0x0040042c   0x0040042c   0x0000007c   Code   RO           14    i.playNote          finalproject.o
    0x004004a8   0x004004a8   0x00000010   Code   RO           16    i.pmcDisableWriteProtection  finalproject.o
    0x004004b8   0x004004b8   0x00000010   Code   RO           17    i.pmcEnablePeriph   finalproject.o
    0x004004c8   0x004004c8   0x0000003c   Code   RO           19    i.pmcMainClkBypass  finalproject.o
    0x00400504   0x00400504   0x00000010   Code   RO           33    i.samInit           finalproject.o
    0x00400514   0x00400514   0x00000070   Code   RO           34    i.spiInit           finalproject.o
    0x00400584   0x00400584   0x00000028   Code   RO           35    i.spiSendReceive    finalproject.o
    0x004005ac   0x004005ac   0x00000014   Code   RO           37    i.tcBlockToBlockBase  finalproject.o
    0x004005c0   0x004005c0   0x00000066   Code   RO           38    i.tcChannelInit     finalproject.o
    0x00400626   0x00400626   0x0000000a   Code   RO           39    i.tcChannelToBlock  finalproject.o
    0x00400630   0x00400630   0x00000012   Code   RO           40    i.tcChannelToBlockBase  finalproject.o
    0x00400642   0x00400642   0x00000022   Code   RO           41    i.tcCheckRC_compare  finalproject.o
    0x00400664   0x00400664   0x00000010   Code   RO           46    i.tcInit            finalproject.o
    0x00400674   0x00400674   0x0000002a   Code   RO           48    i.tcResetChannel    finalproject.o
    0x0040069e   0x0040069e   0x00000020   Code   RO           49    i.tcSetRC_compare   finalproject.o
    0x004006be   0x004006be   0x00000002   PAD
    0x004006c0   0x004006c0   0x00000018   Code   RO           54    i.wdtDisable        finalproject.o
    0x004006d8   0x004006d8   0x0000005a   Code   RO          614    x$fpl$dfixu         fz_ws.l(dfixu.o)
    0x00400732   0x00400732   0x0000002e   Code   RO          619    x$fpl$dflt          fz_ws.l(dflt_clz.o)
    0x00400760   0x00400760   0x00000154   Code   RO          624    x$fpl$dmul          fz_ws.l(dmul.o)
    0x004008b4   0x004008b4   0x0000009c   Code   RO          639    x$fpl$dnaninf       fz_ws.l(dnaninf.o)
    0x00400950   0x00400950   0x0000000c   Code   RO          641    x$fpl$dretinf       fz_ws.l(dretinf.o)
    0x0040095c   0x0040095c   0x00000000   Code   RO          647    x$fpl$usenofp       fz_ws.l(usenofp.o)
    0x0040095c   0x0040095c   0x00000598   Data   RO           55    .constdata          finalproject.o
    0x00400ef4   0x00400ef4   0x00000010   Data   RO          800    Region$$Table       anon$$obj.o


    Execution Region ER_RW (Exec base: 0x20000000, Load base: 0x00400f04, Size: 0x00000000, Max: 0xffffffff, ABSOLUTE)

    **** No section assigned to this execution region ****


    Execution Region ER_ZI (Exec base: 0x20000000, Load base: 0x00400f04, Size: 0x00000460, Max: 0xffffffff, ABSOLUTE)

    Exec Addr    Load Addr    Size         Type   Attr      Idx    E Section Name        Object

    0x20000000        -       0x00000060   Zero   RW          674    .bss                c_w.l(libspace.o)
    0x20000060        -       0x00000200   Zero   RW          377    HEAP                startup_sam4s.o
    0x20000260        -       0x00000200   Zero   RW          376    STACK               startup_sam4s.o


==============================================================================

Image component sizes


      Code (inc. data)   RO Data    RW Data    ZI Data      Debug   Object Name

      1186         76       1432          0          0      22772   finalproject.o
        64         26        204          0       1024        824   startup_sam4s.o
        44         16          0          0          0        445   system_sam4s.o

    ----------------------------------------------------------------------
      1296        118       1652          0       1024      24041   Object Totals
         0          0         16          0          0          0   (incl. Generated)
         2          0          0          0          0          0   (incl. Padding)

    ----------------------------------------------------------------------

      Code (inc. data)   RO Data    RW Data    ZI Data      Debug   Library Member Name

         8          0          0          0          0         68   __main.o
         0          0          0          0          0          0   __rtentry.o
        12          0          0          0          0          0   __rtentry2.o
         6          0          0          0          0          0   __rtentry4.o
        52          8          0          0          0          0   __scatter.o
        28          0          0          0          0          0   __scatter_zi.o
        18          0          0          0          0         80   exit.o
         6          0          0          0          0        152   heapauxi.o
         0          0          0          0          0          0   indicate_semi.o
         2          0          0          0          0          0   libinit.o
         2          0          0          0          0          0   libinit2.o
         2          0          0          0          0          0   libshutdown.o
         2          0          0          0          0          0   libshutdown2.o
         8          4          0          0         96         68   libspace.o
         2          0          0          0          0          0   rtexit.o
        10          0          0          0          0          0   rtexit2.o
        12          4          0          0          0         68   sys_exit.o
        74          0          0          0          0         80   sys_stackheap_outer.o
         2          0          0          0          0         68   use_no_semi.o
        90          4          0          0          0         92   dfixu.o
        46          0          0          0          0         68   dflt_clz.o
       340         12          0          0          0        104   dmul.o
       156          4          0          0          0         92   dnaninf.o
        12          0          0          0          0         68   dretinf.o
         0          0          0          0          0          0   usenofp.o

    ----------------------------------------------------------------------
       896         36          0          0         96       1008   Library Totals
         6          0          0          0          0          0   (incl. Padding)

    ----------------------------------------------------------------------

      Code (inc. data)   RO Data    RW Data    ZI Data      Debug   Library Name

       246         16          0          0         96        584   c_w.l
       644         20          0          0          0        424   fz_ws.l

    ----------------------------------------------------------------------
       896         36          0          0         96       1008   Library Totals

    ----------------------------------------------------------------------

==============================================================================


      Code (inc. data)   RO Data    RW Data    ZI Data      Debug   

      2192        154       1652          0       1120      23417   Grand Totals
      2192        154       1652          0       1120      23417   ELF Image Totals
      2192        154       1652          0          0          0   ROM Totals

==============================================================================

    Total RO  Size (Code + RO Data)                 3844 (   3.75kB)
    Total RW  Size (RW Data + ZI Data)              1120 (   1.09kB)
    Total ROM Size (Code + RO Data + RW Data)       3844 (   3.75kB)

==============================================================================

